// Jest Snapshot v1, https://goo.gl/fbAQLP

exports[`Render 1 1 1`] = `
"<body>
  <div
    id=\\"root\\"
  />
  <div>
    <div
      aria-label=\\"Add a slide\\"
      class=\\"ui icon message\\"
      style=\\"cursor: pointer;\\"
    >
      <i
        aria-hidden=\\"true\\"
        class=\\"plus square outline huge icon\\"
      />
      <div
        class=\\"content\\"
      >
        <div
          class=\\"header\\"
        >
          Click to add a slide
        </div>
      </div>
    </div>
  </div>
</body>"
`;

exports[`Render 1 1 2`] = `
"<body>
  <div
    id=\\"root\\"
  />
  <div>
    <div
      aria-label=\\"Add a slide\\"
      class=\\"ui icon message\\"
      style=\\"cursor: pointer;\\"
    >
      <i
        aria-hidden=\\"true\\"
        class=\\"plus square outline huge icon\\"
      />
      <div
        class=\\"content\\"
      >
        <div
          class=\\"header\\"
        >
          Click to add a slide
        </div>
      </div>
    </div>
  </div>
</body>"
`;
