// Jest Snapshot v1, https://goo.gl/fbAQLP

exports[`Render 1 1 1`] = `
<DocumentFragment>
  <table
    class="ui selectable striped unstackable table"
  >
    <thead
      class=""
    >
      <tr
        class=""
      />
    </thead>
    <tbody
      class="ut__tbody"
    />
    <tfoot
      class=""
    >
      <tr
        class=""
      >
        <th
          class=""
          colspan="7"
        >
          <div
            aria-label="Pagination Navigation"
            class="ui borderless pagination menu"
            name="users"
            role="navigation"
          >
            <a
              aria-current="false"
              aria-disabled="false"
              aria-label="Previous item"
              class="item"
              tabindex="0"
              type="prevItem"
              value="1"
            >
              ⟨
            </a>
            <a
              aria-current="false"
              aria-disabled="false"
              class="item"
              tabindex="0"
              type="pageItem"
              value="1"
            >
              1
            </a>
            <a
              aria-current="false"
              aria-disabled="false"
              class="item"
              tabindex="0"
              type="pageItem"
              value="2"
            >
              2
            </a>
            <a
              aria-current="false"
              aria-disabled="false"
              aria-label="Next item"
              class="item"
              tabindex="0"
              type="nextItem"
              value="1"
            >
              ⟩
            </a>
          </div>
        </th>
      </tr>
    </tfoot>
  </table>
</DocumentFragment>
`;
