// Jest Snapshot v1, https://goo.gl/fbAQLP

exports[`Render 1 1 1`] = `"<div class=\\"ui borderless icon em__height menu\\"><a tabindex=\\"0\\" class=\\"item\\"><i class=\\"icons em__icon-group-margin\\"><i aria-hidden=\\"true\\" class=\\"group icon\\"></i><i aria-hidden=\\"true\\" class=\\"green add top right corner icon\\"></i></i>Create a Cohort</a></div><div class=\\"ui fluid container\\"><div class=\\"ui grid\\"><div class=\\"row\\"><div class=\\"stretched column\\"><div class=\\"ui doubling four cards\\"><div style=\\"height: 20rem;\\" class=\\"ui card loading__multi-card\\"><div class=\\"content loading__content\\"><div class=\\"ui placeholder fluid\\"><div class=\\"square image\\"></div></div></div></div><div style=\\"height: 20rem;\\" class=\\"ui card loading__multi-card\\"><div class=\\"content loading__content\\"><div class=\\"ui placeholder fluid\\"><div class=\\"square image\\"></div></div></div></div><div style=\\"height: 20rem;\\" class=\\"ui card loading__multi-card\\"><div class=\\"content loading__content\\"><div class=\\"ui placeholder fluid\\"><div class=\\"square image\\"></div></div></div></div><div style=\\"height: 20rem;\\" class=\\"ui card loading__multi-card\\"><div class=\\"content loading__content\\"><div class=\\"ui placeholder fluid\\"><div class=\\"square image\\"></div></div></div></div><div style=\\"height: 20rem;\\" class=\\"ui card loading__multi-card\\"><div class=\\"content loading__content\\"><div class=\\"ui placeholder fluid\\"><div class=\\"square image\\"></div></div></div></div><div style=\\"height: 20rem;\\" class=\\"ui card loading__multi-card\\"><div class=\\"content loading__content\\"><div class=\\"ui placeholder fluid\\"><div class=\\"square image\\"></div></div></div></div><div style=\\"height: 20rem;\\" class=\\"ui card loading__multi-card\\"><div class=\\"content loading__content\\"><div class=\\"ui placeholder fluid\\"><div class=\\"square image\\"></div></div></div></div><div style=\\"height: 20rem;\\" class=\\"ui card loading__multi-card\\"><div class=\\"content loading__content\\"><div class=\\"ui placeholder fluid\\"><div class=\\"square image\\"></div></div></div></div></div></div></div><div class=\\"row\\"><div class=\\"stretched column\\"></div></div></div></div>"`;

exports[`Render 1 1 2`] = `"<div class=\\"ui borderless icon em__height menu\\"><a tabindex=\\"0\\" class=\\"item\\"><i class=\\"icons em__icon-group-margin\\"><i aria-hidden=\\"true\\" class=\\"group icon\\"></i><i aria-hidden=\\"true\\" class=\\"green add top right corner icon\\"></i></i>Create a Cohort</a></div><div class=\\"ui fluid container\\"><div class=\\"ui grid\\"><div class=\\"row\\"><div class=\\"stretched column\\"><div class=\\"ui doubling four cards\\"><div style=\\"height: 20rem;\\" class=\\"ui card loading__multi-card\\"><div class=\\"content loading__content\\"><div class=\\"ui placeholder fluid\\"><div class=\\"square image\\"></div></div></div></div><div style=\\"height: 20rem;\\" class=\\"ui card loading__multi-card\\"><div class=\\"content loading__content\\"><div class=\\"ui placeholder fluid\\"><div class=\\"square image\\"></div></div></div></div><div style=\\"height: 20rem;\\" class=\\"ui card loading__multi-card\\"><div class=\\"content loading__content\\"><div class=\\"ui placeholder fluid\\"><div class=\\"square image\\"></div></div></div></div><div style=\\"height: 20rem;\\" class=\\"ui card loading__multi-card\\"><div class=\\"content loading__content\\"><div class=\\"ui placeholder fluid\\"><div class=\\"square image\\"></div></div></div></div><div style=\\"height: 20rem;\\" class=\\"ui card loading__multi-card\\"><div class=\\"content loading__content\\"><div class=\\"ui placeholder fluid\\"><div class=\\"square image\\"></div></div></div></div><div style=\\"height: 20rem;\\" class=\\"ui card loading__multi-card\\"><div class=\\"content loading__content\\"><div class=\\"ui placeholder fluid\\"><div class=\\"square image\\"></div></div></div></div><div style=\\"height: 20rem;\\" class=\\"ui card loading__multi-card\\"><div class=\\"content loading__content\\"><div class=\\"ui placeholder fluid\\"><div class=\\"square image\\"></div></div></div></div><div style=\\"height: 20rem;\\" class=\\"ui card loading__multi-card\\"><div class=\\"content loading__content\\"><div class=\\"ui placeholder fluid\\"><div class=\\"square image\\"></div></div></div></div></div></div></div><div class=\\"row\\"><div class=\\"stretched column\\"></div></div></div></div>"`;

exports[`Render 1 1 3`] = `"<div class=\\"ui borderless icon em__height menu\\"><a tabindex=\\"0\\" class=\\"item\\"><i class=\\"icons em__icon-group-margin\\"><i aria-hidden=\\"true\\" class=\\"group icon\\"></i><i aria-hidden=\\"true\\" class=\\"green add top right corner icon\\"></i></i>Create a Cohort</a></div><div class=\\"ui fluid container\\"><div class=\\"ui grid\\"><div class=\\"row\\"><div class=\\"stretched column\\"><div class=\\"ui doubling four cards\\"><div style=\\"height:20rem\\" class=\\"ui card loading__multi-card\\"><div class=\\"content loading__content\\"><div class=\\"ui placeholder fluid\\"><div class=\\"square image\\"></div></div></div></div><div style=\\"height:20rem\\" class=\\"ui card loading__multi-card\\"><div class=\\"content loading__content\\"><div class=\\"ui placeholder fluid\\"><div class=\\"square image\\"></div></div></div></div><div style=\\"height:20rem\\" class=\\"ui card loading__multi-card\\"><div class=\\"content loading__content\\"><div class=\\"ui placeholder fluid\\"><div class=\\"square image\\"></div></div></div></div><div style=\\"height:20rem\\" class=\\"ui card loading__multi-card\\"><div class=\\"content loading__content\\"><div class=\\"ui placeholder fluid\\"><div class=\\"square image\\"></div></div></div></div><div style=\\"height:20rem\\" class=\\"ui card loading__multi-card\\"><div class=\\"content loading__content\\"><div class=\\"ui placeholder fluid\\"><div class=\\"square image\\"></div></div></div></div><div style=\\"height:20rem\\" class=\\"ui card loading__multi-card\\"><div class=\\"content loading__content\\"><div class=\\"ui placeholder fluid\\"><div class=\\"square image\\"></div></div></div></div><div style=\\"height:20rem\\" class=\\"ui card loading__multi-card\\"><div class=\\"content loading__content\\"><div class=\\"ui placeholder fluid\\"><div class=\\"square image\\"></div></div></div></div><div style=\\"height:20rem\\" class=\\"ui card loading__multi-card\\"><div class=\\"content loading__content\\"><div class=\\"ui placeholder fluid\\"><div class=\\"square image\\"></div></div></div></div></div></div></div><div class=\\"row\\"><div class=\\"stretched column\\"></div></div></div></div>"`;
