// Jest Snapshot v1, https://goo.gl/fbAQLP

exports[`Render 1 1 1`] = `"<div style=\\"width: 100%; height: 90%;\\" class=\\"ui card loading__single-card\\"><div class=\\"content loading__content\\"><div class=\\"ui placeholder\\"><div class=\\"square image\\"></div></div></div></div>"`;

exports[`Render 1 1 2`] = `"<div style=\\"width: 100%; height: 90%;\\" class=\\"ui card loading__single-card\\"><div class=\\"content loading__content\\"><div class=\\"ui placeholder\\"><div class=\\"square image\\"></div></div></div></div>"`;

exports[`Render 1 1 3`] = `
<DocumentFragment>
  <div
    class="ui card loading__single-card"
    style="width: 100%; height: 90%;"
  >
    <div
      class="content loading__content"
    >
      <div
        class="ui placeholder"
      >
        <div
          class="square image"
        />
      </div>
    </div>
  </div>
</DocumentFragment>
`;
