// Jest Snapshot v1, https://goo.gl/fbAQLP

exports[`Snapshot 1 1`] = `"<div class=\\"ui page modals dimmer transition visible active\\" style=\\"display: flex;\\"><div role=\\"dialog\\" aria-modal=\\"true\\" aria-labelledby=\\"create-a-new-user-account\\" class=\\"ui small modal transition visible active\\"><i aria-hidden=\\"true\\" class=\\"close icon\\"></i><div id=\\"create-a-new-user-account\\" class=\\"ui header\\"><i aria-hidden=\\"true\\" class=\\"user outline icon\\"></i><div class=\\"content\\">Create a new user account</div></div><div class=\\"content\\"><form class=\\"ui form\\"><div class=\\"field\\"><div class=\\"required field\\"><label>Username:</label><div class=\\"ui input\\"><input name=\\"username\\" autocomplete=\\"off\\" required=\\"\\" type=\\"text\\" value=\\"\\"></div></div></div><div class=\\"field\\"><div class=\\"field\\"><label>Email address:</label><div class=\\"ui input\\"><input name=\\"email\\" autocomplete=\\"email\\" placeholder=\\"(Optional)\\" type=\\"text\\" value=\\"\\"></div></div></div><div class=\\"field\\"><div class=\\"required field\\"><label>Password:</label><div class=\\"ui input\\"><input name=\\"password\\" autocomplete=\\"new-password\\" required=\\"\\" type=\\"password\\" value=\\"\\"></div></div></div><div class=\\"field\\"><div class=\\"required field\\"><label>Confirm password:</label><div class=\\"ui input\\"><input name=\\"confirmPassword\\" autocomplete=\\"new-password\\" required=\\"\\" type=\\"password\\" value=\\"\\"></div></div></div></form></div><div class=\\"actions\\"><div class=\\"ui grid\\"><div class=\\"row\\"><div class=\\"column\\"><div class=\\"ui fluid buttons\\"><button type=\\"submit\\" class=\\"ui large primary button\\">Submit</button><div class=\\"or\\"></div><button class=\\"ui large button\\">Cancel</button></div><div style=\\"text-align: left;\\" class=\\"ui red floating hidden message\\"></div></div></div></div></div></div></div>"`;
