// Jest Snapshot v1, https://goo.gl/fbAQLP

exports[`Render 1 1 1`] = `"<div class=\\"ui fluid container\\"><div class=\\"ui grid slides__editor-all-outer-container\\"><div class=\\"three wide column slides__list-outer-container\\"><div style=\\"margin-top: 0.5em; margin-left: 0.1em; margin-right: 0px;\\" class=\\"ui doubling one cards\\"><div style=\\"height: 11.8em; margin: 0px 0px 0.5em 0px;\\" class=\\"ui card loading__multi-card\\"><div class=\\"content loading__content\\"><div class=\\"ui placeholder fluid\\"><div class=\\"square image\\"></div></div></div></div><div style=\\"height: 11.8em; margin: 0px 0px 0.5em 0px;\\" class=\\"ui card loading__multi-card\\"><div class=\\"content loading__content\\"><div class=\\"ui placeholder fluid\\"><div class=\\"square image\\"></div></div></div></div><div style=\\"height: 11.8em; margin: 0px 0px 0.5em 0px;\\" class=\\"ui card loading__multi-card\\"><div class=\\"content loading__content\\"><div class=\\"ui placeholder fluid\\"><div class=\\"square image\\"></div></div></div></div><div style=\\"height: 11.8em; margin: 0px 0px 0.5em 0px;\\" class=\\"ui card loading__multi-card\\"><div class=\\"content loading__content\\"><div class=\\"ui placeholder fluid\\"><div class=\\"square image\\"></div></div></div></div></div></div><div class=\\"column slides__editor-outer-container\\"><div style=\\"width: 100%; height: calc(100% - 10px); margin-top: 0.5em;\\" class=\\"ui card loading__single-card\\"><div class=\\"content loading__content\\"><div class=\\"ui placeholder\\"><div class=\\"square image\\"></div></div></div></div></div></div></div>"`;

exports[`Render 1 1 2`] = `"<div class=\\"ui fluid container\\"><div class=\\"ui grid slides__editor-all-outer-container\\"><div class=\\"three wide column slides__list-outer-container\\"><div style=\\"margin-top: 0.5em; margin-left: 0.1em; margin-right: 0px;\\" class=\\"ui doubling one cards\\"><div style=\\"height: 11.8em; margin: 0px 0px 0.5em 0px;\\" class=\\"ui card loading__multi-card\\"><div class=\\"content loading__content\\"><div class=\\"ui placeholder fluid\\"><div class=\\"square image\\"></div></div></div></div><div style=\\"height: 11.8em; margin: 0px 0px 0.5em 0px;\\" class=\\"ui card loading__multi-card\\"><div class=\\"content loading__content\\"><div class=\\"ui placeholder fluid\\"><div class=\\"square image\\"></div></div></div></div><div style=\\"height: 11.8em; margin: 0px 0px 0.5em 0px;\\" class=\\"ui card loading__multi-card\\"><div class=\\"content loading__content\\"><div class=\\"ui placeholder fluid\\"><div class=\\"square image\\"></div></div></div></div><div style=\\"height: 11.8em; margin: 0px 0px 0.5em 0px;\\" class=\\"ui card loading__multi-card\\"><div class=\\"content loading__content\\"><div class=\\"ui placeholder fluid\\"><div class=\\"square image\\"></div></div></div></div></div></div><div class=\\"column slides__editor-outer-container\\"><div style=\\"width: 100%; height: calc(100% - 10px); margin-top: 0.5em;\\" class=\\"ui card loading__single-card\\"><div class=\\"content loading__content\\"><div class=\\"ui placeholder\\"><div class=\\"square image\\"></div></div></div></div></div></div></div>"`;

exports[`Render 1 1 3`] = `
<DocumentFragment>
  <div
    class="ui fluid container"
  >
    <div
      class="ui grid slides__editor-all-outer-container"
    >
      <div
        class="three wide column slides__list-outer-container"
      >
        <div
          class="ui doubling one cards"
          style="margin-top: 0.5em; margin-left: 0.1em; margin-right: 0px;"
        >
          <div
            class="ui card loading__multi-card"
            style="height: 11.8em; margin: 0px 0px 0.5em 0px;"
          >
            <div
              class="content loading__content"
            >
              <div
                class="ui placeholder fluid"
              >
                <div
                  class="square image"
                />
              </div>
            </div>
          </div>
          <div
            class="ui card loading__multi-card"
            style="height: 11.8em; margin: 0px 0px 0.5em 0px;"
          >
            <div
              class="content loading__content"
            >
              <div
                class="ui placeholder fluid"
              >
                <div
                  class="square image"
                />
              </div>
            </div>
          </div>
          <div
            class="ui card loading__multi-card"
            style="height: 11.8em; margin: 0px 0px 0.5em 0px;"
          >
            <div
              class="content loading__content"
            >
              <div
                class="ui placeholder fluid"
              >
                <div
                  class="square image"
                />
              </div>
            </div>
          </div>
          <div
            class="ui card loading__multi-card"
            style="height: 11.8em; margin: 0px 0px 0.5em 0px;"
          >
            <div
              class="content loading__content"
            >
              <div
                class="ui placeholder fluid"
              >
                <div
                  class="square image"
                />
              </div>
            </div>
          </div>
        </div>
      </div>
      <div
        class="column slides__editor-outer-container"
      >
        <div
          class="ui card loading__single-card"
          style="width: 100%; height: calc(100% - 10px); margin-top: 0.5em;"
        >
          <div
            class="content loading__content"
          >
            <div
              class="ui placeholder"
            >
              <div
                class="square image"
              />
            </div>
          </div>
        </div>
      </div>
    </div>
  </div>
</DocumentFragment>
`;
