// Jest Snapshot v1, https://goo.gl/fbAQLP

exports[`Snapshot 1 1 1`] = `""`;

exports[`Snapshot 1 1 2`] = `""`;

exports[`Snapshot 1 1 3`] = `""`;

exports[`Snapshot 1 2 1`] = `""`;

exports[`Snapshot 2 1 1`] = `""`;

exports[`Snapshot 2 1 2`] = `""`;

exports[`Snapshot 2 1 3`] = `""`;

exports[`Snapshot 2 2 1`] = `""`;

exports[`Snapshot 3 1 1`] = `""`;

exports[`Snapshot 3 1 2`] = `""`;

exports[`Snapshot 3 1 3`] = `""`;

exports[`Snapshot 3 2 1`] = `""`;
