// Jest Snapshot v1, https://goo.gl/fbAQLP

exports[`Snapshot 1 1 1`] = `"<div class=\\"ui page modals dimmer transition visible active\\" style=\\"display: flex;\\"><div role=\\"dialog\\" aria-modal=\\"true\\" class=\\"ui small modal transition visible active\\"><div tabindex=\\"0\\" class=\\"ui header\\"><i aria-hidden=\\"true\\" class=\\"user outline icon\\"></i><div class=\\"content\\">Log In</div></div><div class=\\"content\\"><form class=\\"ui form\\"><div class=\\"field\\"><label for=\\"username\\">Username</label><div class=\\"field\\"><div class=\\"ui input\\"><input autocomplete=\\"username\\" name=\\"username\\" id=\\"username\\" type=\\"text\\" value=\\"\\"></div></div></div><div class=\\"field\\"><label for=\\"password\\">Password</label><div class=\\"field\\"><div class=\\"ui input\\"><input autocomplete=\\"current-password\\" name=\\"password\\" id=\\"password\\" type=\\"password\\" value=\\"\\"></div></div></div></form></div><div class=\\"actions\\"><div class=\\"ui grid\\"><div class=\\"row\\"><div class=\\"column\\"><div class=\\"ui fluid buttons\\"><button type=\\"submit\\" class=\\"ui large primary button\\">Log in</button><div class=\\"or\\"></div><button class=\\"ui large button\\">Create an account</button><div class=\\"or\\"></div><a class=\\"ui large button\\" role=\\"button\\" href=\\"/scenarios/\\">Go back to scenarios</a></div><div style=\\"text-align: left;\\" class=\\"ui red floating hidden message\\"></div></div></div></div></div></div></div>"`;

exports[`Snapshot 1 1 2`] = `"<div class=\\"ui page modals dimmer transition visible active\\" style=\\"display: flex;\\"><div role=\\"dialog\\" aria-modal=\\"true\\" class=\\"ui small modal transition visible active\\"><div tabindex=\\"0\\" class=\\"ui header\\"><i aria-hidden=\\"true\\" class=\\"user outline icon\\"></i><div class=\\"content\\">Log In</div></div><div class=\\"content\\"><form class=\\"ui form\\"><div class=\\"field\\"><label for=\\"username\\">Username</label><div class=\\"field\\"><div class=\\"ui input\\"><input autocomplete=\\"username\\" name=\\"username\\" id=\\"username\\" type=\\"text\\" value=\\"\\"></div></div></div><div class=\\"field\\"><label for=\\"password\\">Password</label><div class=\\"field\\"><div class=\\"ui input\\"><input autocomplete=\\"current-password\\" name=\\"password\\" id=\\"password\\" type=\\"password\\" value=\\"\\"></div></div></div></form></div><div class=\\"actions\\"><div class=\\"ui grid\\"><div class=\\"row\\"><div class=\\"column\\"><div class=\\"ui fluid buttons\\"><button type=\\"submit\\" class=\\"ui large primary button\\">Log in</button><div class=\\"or\\"></div><button class=\\"ui large button\\">Create an account</button><div class=\\"or\\"></div><a class=\\"ui large button\\" role=\\"button\\" href=\\"/scenarios/\\">Go back to scenarios</a></div><div style=\\"text-align: left;\\" class=\\"ui red floating hidden message\\"></div></div></div></div></div></div></div>"`;

exports[`Snapshot 1 1 3`] = `"<div class=\\"ui page modals dimmer transition visible active\\" style=\\"display: flex;\\"><div role=\\"dialog\\" aria-modal=\\"true\\" class=\\"ui small modal transition visible active\\"><div tabindex=\\"0\\" class=\\"ui header\\"><i aria-hidden=\\"true\\" class=\\"user outline icon\\"></i><div class=\\"content\\">Log In</div></div><div class=\\"content\\"><form class=\\"ui form\\"><div class=\\"field\\"><label for=\\"username\\">Username</label><div class=\\"field\\"><div class=\\"ui input\\"><input autocomplete=\\"username\\" name=\\"username\\" id=\\"username\\" type=\\"text\\" value=\\"\\"></div></div></div><div class=\\"field\\"><label for=\\"password\\">Password</label><div class=\\"field\\"><div class=\\"ui input\\"><input autocomplete=\\"current-password\\" name=\\"password\\" id=\\"password\\" type=\\"password\\" value=\\"\\"></div></div></div></form></div><div class=\\"actions\\"><div class=\\"ui grid\\"><div class=\\"row\\"><div class=\\"column\\"><div class=\\"ui fluid buttons\\"><button type=\\"submit\\" class=\\"ui large primary button\\">Log in</button><div class=\\"or\\"></div><button class=\\"ui large button\\">Create an account</button><div class=\\"or\\"></div><a class=\\"ui large button\\" role=\\"button\\" href=\\"/scenarios/\\">Go back to scenarios</a></div><div style=\\"text-align: left;\\" class=\\"ui red floating hidden message\\"></div></div></div></div></div></div></div>"`;

exports[`Snapshot 1 2 1`] = `"<div class=\\"ui page modals dimmer transition visible active\\" style=\\"display: flex;\\"><div role=\\"dialog\\" aria-modal=\\"true\\" class=\\"ui small modal transition visible active\\"><div tabindex=\\"0\\" class=\\"ui header\\"><i aria-hidden=\\"true\\" class=\\"user outline icon\\"></i><div class=\\"content\\">Log In</div></div><div class=\\"content\\"><form class=\\"ui form\\"><div class=\\"field\\"><label for=\\"username\\">Username</label><div class=\\"field\\"><div class=\\"ui input\\"><input autocomplete=\\"username\\" name=\\"username\\" id=\\"username\\" type=\\"text\\" value=\\"\\"></div></div></div><div class=\\"field\\"><label for=\\"password\\">Password</label><div class=\\"field\\"><div class=\\"ui input\\"><input autocomplete=\\"current-password\\" name=\\"password\\" id=\\"password\\" type=\\"password\\" value=\\"\\"></div></div></div></form></div><div class=\\"actions\\"><div class=\\"ui grid\\"><div class=\\"row\\"><div class=\\"column\\"><div class=\\"ui fluid buttons\\"><button type=\\"submit\\" class=\\"ui large primary button\\">Log in</button><div class=\\"or\\"></div><button class=\\"ui large button\\">Create an account</button><div class=\\"or\\"></div><a class=\\"ui large button\\" role=\\"button\\" href=\\"/scenarios/\\">Go back to scenarios</a></div><div style=\\"text-align: left;\\" class=\\"ui red floating hidden message\\"></div></div></div></div></div></div></div>"`;
