// Jest Snapshot v1, https://goo.gl/fbAQLP

exports[`Render 1 1 1`] = `"<textarea></textarea>"`;

exports[`Render 1 1 2`] = `"<textarea></textarea>"`;

exports[`Render 1 1 3`] = `"<textarea></textarea>"`;
