// Jest Snapshot v1, https://goo.gl/fbAQLP

exports[`Render 1 1 1`] = `
<DocumentFragment>
  <div
    class="field"
  >
    <label>
      Labels
    </label>
    <div
      aria-expanded="false"
      class="ui fluid multiple search selection dropdown"
      label="Labels"
      role="combobox"
    >
      <input
        aria-autocomplete="list"
        autocomplete="off"
        class="search"
        tabindex="0"
        type="text"
        value=""
      />
      <span
        class="sizer"
      />
      <div
        aria-atomic="true"
        aria-live="polite"
        class="default text"
        role="alert"
      >
        Select labels, or type to create new labels
      </div>
      <i
        aria-hidden="true"
        class="dropdown icon"
      />
      <div
        aria-multiselectable="true"
        class="menu transition"
        role="listbox"
      >
        <div
          class="message"
        >
          No results found.
        </div>
      </div>
    </div>
  </div>
</DocumentFragment>
`;
