// Jest Snapshot v1, https://goo.gl/fbAQLP

exports[`Render 1 1 1`] = `""`;

exports[`Render 1 1 2`] = `""`;

exports[`Render 1 1 3`] = `""`;
