// Jest Snapshot v1, https://goo.gl/fbAQLP

exports[`Snapshot 1 1 1`] = `"<div class=\\"ui fluid buttons\\"><a aria-label=\\"Run scenario\\" class=\\"ui tiny icon button sc__button\\" role=\\"button\\" tabindex=\\"0\\" href=\\"/run/42/slide/0\\"><i aria-hidden=\\"true\\" class=\\"play icon\\"></i><span class=\\"sc__card-action-labels\\">Run</span></a></div>"`;

exports[`Snapshot 1 1 2`] = `"<div class=\\"ui fluid buttons\\"><a aria-label=\\"Run scenario\\" class=\\"ui tiny icon button sc__button\\" role=\\"button\\" tabindex=\\"0\\" href=\\"/run/42/slide/0\\"><i aria-hidden=\\"true\\" class=\\"play icon\\"></i><span class=\\"sc__card-action-labels\\">Run</span></a><a aria-label=\\"Edit scenario\\" class=\\"ui tiny icon button sc__button sc__hidden-on-mobile\\" role=\\"button\\" tabindex=\\"0\\" href=\\"/editor/42/slides/1\\"><i aria-hidden=\\"true\\" class=\\"edit outline icon\\"></i><span class=\\"sc__card-action-labels\\">Edit</span></a><a aria-label=\\"Copy scenario\\" class=\\"ui tiny icon button sc__button sc__hidden-on-mobile\\" role=\\"button\\" tabindex=\\"0\\" href=\\"/editor/copy/42\\"><i aria-hidden=\\"true\\" class=\\"copy outline icon\\"></i><span class=\\"sc__card-action-labels\\">Copy</span></a></div>"`;

exports[`Snapshot 1 1 3`] = `"<div class=\\"ui fluid buttons\\"><a aria-label=\\"Run scenario\\" class=\\"ui tiny icon button sc__button\\" role=\\"button\\" tabindex=\\"0\\" href=\\"/run/42/slide/0\\"><i aria-hidden=\\"true\\" class=\\"play icon\\"></i><span class=\\"sc__card-action-labels\\">Run</span></a><a aria-label=\\"Edit scenario\\" class=\\"ui tiny icon button sc__button sc__hidden-on-mobile\\" role=\\"button\\" tabindex=\\"0\\" href=\\"/editor/42/slides/1\\"><i aria-hidden=\\"true\\" class=\\"edit outline icon\\"></i><span class=\\"sc__card-action-labels\\">Edit</span></a><a aria-label=\\"Copy scenario\\" class=\\"ui tiny icon button sc__button sc__hidden-on-mobile\\" role=\\"button\\" tabindex=\\"0\\" href=\\"/editor/copy/42\\"><i aria-hidden=\\"true\\" class=\\"copy outline icon\\"></i><span class=\\"sc__card-action-labels\\">Copy</span></a></div>"`;

exports[`Snapshot 1 2 1`] = `"<div class=\\"ui fluid buttons\\"><a aria-label=\\"Run scenario\\" class=\\"ui tiny icon button sc__button\\" role=\\"button\\" tabindex=\\"0\\" href=\\"/run/42/slide/0\\"><i aria-hidden=\\"true\\" class=\\"play icon\\"></i><span class=\\"sc__card-action-labels\\">Run</span></a><a aria-label=\\"Edit scenario\\" class=\\"ui tiny icon button sc__button sc__hidden-on-mobile\\" role=\\"button\\" tabindex=\\"0\\" href=\\"/editor/42/slides/1\\"><i aria-hidden=\\"true\\" class=\\"edit outline icon\\"></i><span class=\\"sc__card-action-labels\\">Edit</span></a><a aria-label=\\"Copy scenario\\" class=\\"ui tiny icon button sc__button sc__hidden-on-mobile\\" role=\\"button\\" tabindex=\\"0\\" href=\\"/editor/copy/42\\"><i aria-hidden=\\"true\\" class=\\"copy outline icon\\"></i><span class=\\"sc__card-action-labels\\">Copy</span></a></div>"`;
