// Jest Snapshot v1, https://goo.gl/fbAQLP

exports[`Render 1 1 1`] = `"<i aria-label=\\"Prompt: Conversation\\" class=\\"conversation icon\\"></i>Prompt: Conversation"`;

exports[`Render 1 1 2`] = `"<i aria-label=\\"Prompt: Conversation\\" class=\\"conversation icon\\"></i>Prompt: Conversation"`;

exports[`Render 1 1 3`] = `"<i aria-label=\\"Prompt: Conversation\\" class=\\"conversation icon\\"></i>Prompt: Conversation"`;
