// Jest Snapshot v1, https://goo.gl/fbAQLP

exports[`Card 1`] = `"<i aria-label=\\"Embed Previous Response\\" class=\\"comment alternate outline icon\\"></i>Embed Previous Response"`;

exports[`Card 2`] = `"<i aria-label=\\"Embed Previous Response\\" class=\\"comment alternate outline icon\\"></i>Embed Previous Response"`;

exports[`Snapshot 1 1`] = `
Object {
  "id": "",
  "recallId": "",
  "type": "ResponseRecall",
}
`;

exports[`Snapshot 2 1`] = `
Object {
  "id": "",
  "recallId": "",
  "type": "ResponseRecall",
}
`;

exports[`Snapshot 3 1`] = `
Object {
  "id": "",
  "recallId": "",
  "type": "ResponseRecall",
}
`;
