// Jest Snapshot v1, https://goo.gl/fbAQLP

exports[`Render 1 1 1`] = `
<DocumentFragment>
  <i
    aria-label="Prompt: Multiple Buttons"
    class="hand pointer outline icon"
  />
  Prompt: Multiple Buttons
</DocumentFragment>
`;
