// Jest Snapshot v1, https://goo.gl/fbAQLP

exports[`Snapshot 1 1 1`] = `"<div class=\\"sun-editor-editable rt__container\\"></div>"`;

exports[`Snapshot 1 2 1`] = `"<div class=\\"sun-editor-editable rt__container\\"></div>"`;
