// Jest Snapshot v1, https://goo.gl/fbAQLP

exports[`Render 1 1 1`] = `""`;

exports[`Render 1 1 2`] = `""`;

exports[`Render 1 1 3`] = `""`;

exports[`Render 2 1 1`] = `""`;

exports[`Render 2 1 2`] = `""`;

exports[`Render 2 1 3`] = `""`;

exports[`Render 3 1 1`] = `""`;

exports[`Render 3 1 2`] = `""`;

exports[`Render 3 1 3`] = `""`;

exports[`Render 4 1 1`] = `""`;

exports[`Render 4 1 2`] = `""`;

exports[`Render 4 1 3`] = `""`;
