// Jest Snapshot v1, https://goo.gl/fbAQLP

exports[`Render 1 1 1`] = `"<i aria-label=\\"Participant Suggestion\\" class=\\"info icon\\"></i>Participant Suggestion"`;

exports[`Render 1 1 2`] = `"<i aria-label=\\"Participant Suggestion\\" class=\\"info icon\\"></i>Participant Suggestion"`;

exports[`Render 1 1 3`] = `
<DocumentFragment>
  <i
    aria-label="Participant Suggestion"
    class="info icon"
  />
  Participant Suggestion
</DocumentFragment>
`;
