// Jest Snapshot v1, https://goo.gl/fbAQLP

exports[`Snapshot 1 1 1`] = `"<i aria-label=\\"Embed Previous Response\\" class=\\"comment alternate outline icon\\"></i>Embed Previous Response"`;

exports[`Snapshot 1 1 2`] = `"<i aria-label=\\"Embed Previous Response\\" class=\\"comment alternate outline icon\\"></i>Embed Previous Response"`;

exports[`Snapshot 1 1 3`] = `"<i aria-label=\\"Embed Previous Response\\" class=\\"comment alternate outline icon\\"></i>Embed Previous Response"`;

exports[`Snapshot 1 2 1`] = `"<i aria-label=\\"Embed Previous Response\\" class=\\"comment alternate outline icon\\"></i>Embed Previous Response"`;
