// Jest Snapshot v1, https://goo.gl/fbAQLP

exports[`Card 1`] = `"<i aria-label=\\"Prompt: Audio Input\\" class=\\"microphone icon\\"></i>Prompt: Audio Input"`;

exports[`Card 2`] = `"<i aria-label=\\"Prompt: Audio Input\\" class=\\"microphone icon\\"></i>Prompt: Audio Input"`;

exports[`Card 3`] = `
"<body>
  <div
    id=\\"root\\"
  />
  <div>
    <i
      aria-label=\\"Prompt: Audio Input\\"
      class=\\"microphone icon\\"
    />
    Prompt: Audio Input
  </div>
</body>"
`;
