// Jest Snapshot v1, https://goo.gl/fbAQLP

exports[`Snapshot 1 1 1`] = `"<form class=\\"ui form\\"><div class=\\"ui fluid container\\"><div class=\\"field\\"><label>Enter text content to display before the audio recording controls:</label><textarea name=\\"prompt\\" rows=\\"3\\"></textarea></div><div class=\\"ui red message\\"><div class=\\"content\\"><div class=\\"required field\\"><label>Data header</label><div class=\\"ui input\\"><input name=\\"header\\" required=\\"\\" type=\\"text\\" value=\\"\\"></div></div>This will only appear in data downloads, as the column header or row name.</div></div><div class=\\"ui orange icon message\\"><i aria-hidden=\\"true\\" class=\\"warning sign icon\\"></i><div class=\\"content\\"><p>This component will fallback to a text input prompt when the participant's browser or device does not support audio recording.</p></div></div></div></form>"`;

exports[`Snapshot 1 2 1`] = `"<form class=\\"ui form\\"><div class=\\"ui fluid container\\"><div class=\\"field\\"><label>Enter text content to display before the audio recording controls:</label><textarea name=\\"prompt\\" rows=\\"3\\"></textarea></div><div class=\\"ui red message\\"><div class=\\"content\\"><div class=\\"required field\\"><label>Data header</label><div class=\\"ui input\\"><input name=\\"header\\" required=\\"\\" type=\\"text\\" value=\\"\\"></div></div>This will only appear in data downloads, as the column header or row name.</div></div><div class=\\"ui orange icon message\\"><i aria-hidden=\\"true\\" class=\\"warning sign icon\\"></i><div class=\\"content\\"><p>This component will fallback to a text input prompt when the participant's browser or device does not support audio recording.</p></div></div></div></form>"`;
