// Jest Snapshot v1, https://goo.gl/fbAQLP

exports[`Snapshot 1 1`] = `"<div class=\\"ui grid\\"><div class=\\"stretched column\\"><div class=\\"row\\"><div mode=\\"edit\\" class=\\"ui borderless icon em__height menu\\"><a tabindex=\\"0\\" class=\\"item slideeditormenu__slide-number-width header\\">Slide Number</a><a class=\\"item\\"><div class=\\"ui input\\"><input id=\\"title-undefined\\" name=\\"title\\" placeholder=\\"Slide title\\" type=\\"text\\" value=\\"\\"></div></a><a tabindex=\\"0\\" aria-label=\\"Save slide\\" class=\\"item\\"><i aria-hidden=\\"true\\" class=\\"save outline icon\\"></i></a><a tabindex=\\"0\\" class=\\"item\\"><i aria-label=\\"Delete this slide\\" class=\\"trash alternate outline icon\\"></i></a><a tabindex=\\"0\\" class=\\"item\\"><i aria-hidden=\\"true\\" class=\\"copy outline icon\\"></i></a><a tabindex=\\"0\\" aria-label=\\"Edit Slide\\" class=\\"disabled item\\"><i aria-hidden=\\"true\\" class=\\"eye icon\\"></i></a></div></div><div class=\\"row\\"><div class=\\"ui two column grid\\"><div class=\\"row ser__component-pane\\"><div class=\\"column ser__component-layout-pane-outer\\"><div class=\\"ui segment ser__component-layout-pane\\"><div class=\\"ui floating icon message\\"><i class=\\"huge icons em__icon-group-margin\\"><i aria-hidden=\\"true\\" class=\\"newspaper outline icon\\"></i><i aria-hidden=\\"true\\" class=\\"green add top right corner icon\\"></i></i><div class=\\"content\\"><div class=\\"header\\">Add content to this slide!</div><p>Select a content component from the menu to right.</p></div></div></div></div><div class=\\"column ser__component-select-pane-outer\\"><div class=\\"ui fluid vertical ser__component-select menu\\"><a tabindex=\\"0\\" style=\\"float: none !important;\\" class=\\"item\\"><i aria-label=\\"Rich Text Editor\\" class=\\"edit icon\\"></i>Rich Text Editor</a><a tabindex=\\"0\\" style=\\"float: none !important;\\" class=\\"item\\"><i aria-label=\\"Participant Suggestion\\" class=\\"info icon\\"></i>Participant Suggestion</a><a tabindex=\\"0\\" style=\\"float: none !important;\\" class=\\"item\\"><i aria-label=\\"Embed Previous Response\\" class=\\"comment alternate outline icon\\"></i>Embed Previous Response</a><a tabindex=\\"0\\" style=\\"float: none !important;\\" class=\\"item\\"><i aria-label=\\"Prompt: Audio Input\\" class=\\"microphone icon\\"></i>Prompt: Audio Input</a><a tabindex=\\"0\\" style=\\"float: none !important;\\" class=\\"item\\"><i aria-label=\\"Prompt: Choose Next Slide\\" class=\\"fork clockwise rotated icon\\"></i>Prompt: Choose Next Slide</a><a tabindex=\\"0\\" style=\\"float: none !important;\\" class=\\"item\\"><i aria-label=\\"Prompt: Conversation\\" class=\\"conversation icon\\"></i>Prompt: Conversation</a><a tabindex=\\"0\\" style=\\"float: none !important;\\" class=\\"item\\"><i aria-label=\\"Prompt: Multiple Buttons\\" class=\\"hand pointer outline icon\\"></i>Prompt: Multiple Buttons</a><a tabindex=\\"0\\" style=\\"float: none !important;\\" class=\\"item\\"><i aria-label=\\"Prompt: Text Input\\" class=\\"keyboard icon\\"></i>Prompt: Text Input</a></div></div></div></div></div></div></div>"`;
