// Jest Snapshot v1, https://goo.gl/fbAQLP

exports[`Card 1`] = `"<i aria-label=\\"Prompt: Multiple Buttons\\" class=\\"hand pointer outline icon\\"></i>Prompt: Multiple Buttons"`;

exports[`Card 2`] = `"<i aria-label=\\"Prompt: Multiple Buttons\\" class=\\"hand pointer outline icon\\"></i>Prompt: Multiple Buttons"`;

exports[`Card 3`] = `
"<body>
  <div
    id=\\"root\\"
  />
  <div>
    <i
      aria-label=\\"Prompt: Multiple Buttons\\"
      class=\\"hand pointer outline icon\\"
    />
    Prompt: Multiple Buttons
  </div>
</body>"
`;
