// Jest Snapshot v1, https://goo.gl/fbAQLP

exports[`Card 1`] = `"<i aria-label=\\"Prompt: Conversation\\" class=\\"conversation icon\\"></i>Prompt: Conversation"`;

exports[`Card 2`] = `"<i aria-label=\\"Prompt: Conversation\\" class=\\"conversation icon\\"></i>Prompt: Conversation"`;

exports[`Card 3`] = `
<DocumentFragment>
  <i
    aria-label="Prompt: Conversation"
    class="conversation icon"
  />
  Prompt: Conversation
</DocumentFragment>
`;
