// Jest Snapshot v1, https://goo.gl/fbAQLP

exports[`Card 1`] = `"<i aria-label=\\"Rich Text Editor\\" class=\\"edit icon\\"></i>Rich Text Editor"`;

exports[`Card 2`] = `"<i aria-label=\\"Rich Text Editor\\" class=\\"edit icon\\"></i>Rich Text Editor"`;

exports[`Card 3`] = `
"<body>
  <div
    id=\\"root\\"
  />
  <div>
    <i
      aria-label=\\"Rich Text Editor\\"
      class=\\"edit icon\\"
    />
    Rich Text Editor
  </div>
</body>"
`;
