// Jest Snapshot v1, https://goo.gl/fbAQLP

exports[`Render 1 1 1`] = `"<div tabindex=\\"0\\" class=\\"item\\"></div>"`;

exports[`Render 1 1 2`] = `"<div tabindex=\\"0\\" class=\\"item\\"></div>"`;

exports[`Render 1 1 3`] = `"<div tabindex=\\"0\\" class=\\"item\\"></div>"`;
