// Jest Snapshot v1, https://goo.gl/fbAQLP

exports[`Snapshot 1 1 1`] = `""`;

exports[`Snapshot 1 1 2`] = `""`;
