// Jest Snapshot v1, https://goo.gl/fbAQLP

exports[`Render 1 1 1`] = `
<DocumentFragment>
  <div
    aria-controls="nav"
    class="ui borderless menu"
    id="nav"
  >
    <div
      class="item navigation__menu-item-logo"
      tabindex="0"
    >
      <a
        aria-current="page"
        class="active"
        href="/"
      >
        Home
      </a>
    </div>
    <div
      class="menu"
    >
      <div
        aria-expanded="false"
        aria-label="See all scenarios"
        class="ui item simple dropdown navigation__dropdown"
        role="listbox"
        tabindex="0"
      >
        <a
          aria-label="See all scenarios"
          class="item"
          href="/scenarios/"
          role="option"
          tabindex="0"
        >
          Scenarios
        </a>
        <i
          aria-hidden="true"
          class="dropdown icon"
        />
        <div
          class="menu transition"
        >
          <a
            aria-label="See scenarios where I am an owner, author or reviewer"
            class="item"
            href="/scenarios/author/null"
            role="option"
            tabindex="0"
          >
            Mine
          </a>
          <a
            aria-label="See scenarios made by Teaching Systems Lab"
            class="item"
            href="/scenarios/official"
            role="option"
            tabindex="0"
          >
            Official
          </a>
          <a
            aria-label="See scenarios made by the community"
            class="item"
            href="/scenarios/community"
            role="option"
            tabindex="0"
          >
            Community
          </a>
        </div>
      </div>
    </div>
    <a
      class="item"
      href="/cohorts"
      tabindex="0"
    >
      Cohorts
    </a>
    <a
      class="item"
      href="/history"
      tabindex="0"
    >
      History
    </a>
    <a
      class="item"
      href="/downloads"
      tabindex="0"
    >
      Downloads
    </a>
    <a
      class="item"
      href="/admin"
      tabindex="0"
    >
      Admin
    </a>
    <div
      class="right menu"
    >
      <div
        aria-expanded="false"
        class="ui item simple dropdown"
        role="listbox"
        tabindex="0"
      >
        <span
          class="ui medium text"
        />
         
        <i
          aria-hidden="true"
          class="dropdown icon"
        />
        <div
          class="menu transition"
        >
          <div
            class="item"
            role="option"
            tabindex="0"
          >
            Settings
          </div>
          <div
            class="item"
            role="option"
            tabindex="0"
          >
            Log out
          </div>
        </div>
      </div>
    </div>
  </div>
</DocumentFragment>
`;
